../Core/Src/main.c:195:6:HAL_TIM_PWM_PulseFinishedCallback	16	static
../Core/Src/main.c:209:6:Set_Pixel	16	static
../Core/Src/main.c:223:6:Set_Brillo	40	static
../Core/Src/main.c:241:6:Enviar_datos	32	static
../Core/Src/main.c:313:6:HAL_TIM_PeriodElapsedCallback	16	static
../Core/Src/main.c:352:6:vumetro	128	static
../Core/Src/main.c:1377:6:HAL_ADC_ConvCpltCallback	16	static
../Core/Src/main.c:1417:5:main	8	static
../Core/Src/main.c:1589:6:SystemClock_Config	88	static
../Core/Src/main.c:1635:13:MX_ADC1_Init	24	static
../Core/Src/main.c:1687:13:MX_TIM1_Init	96	static
../Core/Src/main.c:1762:13:MX_TIM2_Init	64	static
../Core/Src/main.c:1830:13:MX_TIM3_Init	32	static
../Core/Src/main.c:1873:13:MX_DMA_Init	16	static
../Core/Src/main.c:1891:13:MX_GPIO_Init	48	static
../Core/Src/main.c:1951:6:Error_Handler	4	static,ignoring_inline_asm
