13:44:26 **** Incremental Build of configuration Debug for project Audio_Ritmica ****
make -j8 all 
arm-none-eabi-gcc "../Core/Src/main.c" -mcpu=cortex-m4 -std=gnu11 -g3 -DDEBUG -DUSE_HAL_DRIVER -DSTM32F411xE -DARM_MATH_CM4 -c -I../Core/Inc -I../Drivers/STM32F4xx_HAL_Driver/Inc -I../Drivers/STM32F4xx_HAL_Driver/Inc/Legacy -I../Drivers/CMSIS/Device/ST/STM32F4xx/Include -I../Drivers/CMSIS/Include -I../Middlewares/ST/ARM/DSP/Inc -O0 -ffunction-sections -fdata-sections -Wall -fstack-usage -fcyclomatic-complexity -MMD -MP -MF"Core/Src/main.d" -MT"Core/Src/main.o" --specs=nano.specs -mfpu=fpv4-sp-d16 -mfloat-abi=hard -mthumb -o "Core/Src/main.o"
arm-none-eabi-gcc -o "Audio_Ritmica.elf" @"objects.list"  -l:libarm_cortexM4lf_math.a -mcpu=cortex-m4 -T"C:\Users\mirma\Documents\GitHub\Estaci-n-de-Audio-R-tmica\Audio_Ritmica\STM32F411VETX_FLASH.ld" --specs=nosys.specs -Wl,-Map="Audio_Ritmica.map" -Wl,--gc-sections -static -L../Middlewares/ST/ARM/DSP/Lib --specs=nano.specs -mfpu=fpv4-sp-d16 -mfloat-abi=hard -mthumb -Wl,--start-group -lc -lm -Wl,--end-group
Finished building target: Audio_Ritmica.elf
 
arm-none-eabi-size  Audio_Ritmica.elf 
arm-none-eabi-objdump -h -S Audio_Ritmica.elf  > "Audio_Ritmica.list"
   text	   data	    bss	    dec	    hex	filename
  38320	    436	   9284	  48040	   bba8	Audio_Ritmica.elf
Finished building: default.size.stdout
 
Finished building: Audio_Ritmica.list
 
13:44:42 **** Incremental Build of configuration Debug for project Audio_Ritmica ****
make -j8 all 
arm-none-eabi-size  Audio_Ritmica.elf 
   text	   data	    bss	    dec	    hex	filename
  38320	    436	   9284	  48040	   bba8	Audio_Ritmica.elf
Finished building: default.size.stdout
 
13:45:13 **** Incremental Build of configuration Debug for project Audio_Ritmica ****
make -j8 all 
arm-none-eabi-gcc "../Core/Src/main.c" -mcpu=cortex-m4 -std=gnu11 -g3 -DDEBUG -DUSE_HAL_DRIVER -DSTM32F411xE -DARM_MATH_CM4 -c -I../Core/Inc -I../Drivers/STM32F4xx_HAL_Driver/Inc -I../Drivers/STM32F4xx_HAL_Driver/Inc/Legacy -I../Drivers/CMSIS/Device/ST/STM32F4xx/Include -I../Drivers/CMSIS/Include -I../Middlewares/ST/ARM/DSP/Inc -O0 -ffunction-sections -fdata-sections -Wall -fstack-usage -fcyclomatic-complexity -MMD -MP -MF"Core/Src/main.d" -MT"Core/Src/main.o" --specs=nano.specs -mfpu=fpv4-sp-d16 -mfloat-abi=hard -mthumb -o "Core/Src/main.o"
arm-none-eabi-gcc -o "Audio_Ritmica.elf" @"objects.list"  -l:libarm_cortexM4lf_math.a -mcpu=cortex-m4 -T"C:\Users\mirma\Documents\GitHub\Estaci-n-de-Audio-R-tmica\Audio_Ritmica\STM32F411VETX_FLASH.ld" --specs=nosys.specs -Wl,-Map="Audio_Ritmica.map" -Wl,--gc-sections -static -L../Middlewares/ST/ARM/DSP/Lib --specs=nano.specs -mfpu=fpv4-sp-d16 -mfloat-abi=hard -mthumb -Wl,--start-group -lc -lm -Wl,--end-group
Finished building target: Audio_Ritmica.elf
 
arm-none-eabi-size  Audio_Ritmica.elf 
arm-none-eabi-objdump -h -S Audio_Ritmica.elf  > "Audio_Ritmica.list"
   text	   data	    bss	    dec	    hex	filename
  38328	    436	   9284	  48048	   bbb0	Audio_Ritmica.elf
Finished building: default.size.stdout
 
Finished building: Audio_Ritmica.list
 
