20:11:52 **** Incremental Build of configuration Debug for project Servo_tower_2 ****
make -j8 all 
arm-none-eabi-gcc "../Core/Src/main.c" -mcpu=cortex-m4 -std=gnu11 -g3 -DDEBUG -DUSE_HAL_DRIVER -DSTM32F411xE -c -I../Core/Inc -I../Drivers/STM32F4xx_HAL_Driver/Inc -I../Drivers/STM32F4xx_HAL_Driver/Inc/Legacy -I../Drivers/CMSIS/Device/ST/STM32F4xx/Include -I../Drivers/CMSIS/Include -O0 -ffunction-sections -fdata-sections -Wall -fstack-usage -fcyclomatic-complexity -MMD -MP -MF"Core/Src/main.d" -MT"Core/Src/main.o" --specs=nano.specs -mfpu=fpv4-sp-d16 -mfloat-abi=hard -mthumb -o "Core/Src/main.o"
arm-none-eabi-gcc -o "Servo_tower_2.elf" @"objects.list"   -mcpu=cortex-m4 -T"C:\Users\mirma\Documents\GitHub\Estaci-n-de-Audio-R-tmica\Servo_tower_2\STM32F411VETX_FLASH.ld" --specs=nosys.specs -Wl,-Map="Servo_tower_2.map" -Wl,--gc-sections -static --specs=nano.specs -mfpu=fpv4-sp-d16 -mfloat-abi=hard -mthumb -Wl,--start-group -lc -lm -Wl,--end-group
Finished building target: Servo_tower_2.elf
 
arm-none-eabi-size  Servo_tower_2.elf 
arm-none-eabi-objdump -h -S Servo_tower_2.elf  > "Servo_tower_2.list"
   text	   data	    bss	    dec	    hex	filename
  11244	     28	   1644	  12916	   3274	Servo_tower_2.elf
Finished building: default.size.stdout
 
Finished building: Servo_tower_2.list
 

20:11:54 Build Finished. 0 errors, 0 warnings. (took 2s.911ms)

