../Core/Src/main.c:102:6:Set_Pixel	16	static
../Core/Src/main.c:116:6:Set_Brillo	40	static
../Core/Src/main.c:134:6:Enviar_datos	32	static
../Core/Src/main.c:207:6:vumetro	224	static
../Core/Src/main.c:1270:10:arcoiris	40	static
../Core/Src/main.c:1305:7:HAL_TIM_PeriodElapsedCallback	32	static
../Core/Src/main.c:1350:5:main	8	static
../Core/Src/main.c:1689:6:SystemClock_Config	88	static
../Core/Src/main.c:1735:13:MX_TIM3_Init	32	static
../Core/Src/main.c:1780:13:MX_TIM4_Init	64	static
../Core/Src/main.c:1837:13:MX_DMA_Init	16	static
../Core/Src/main.c:1855:13:MX_GPIO_Init	48	static
../Core/Src/main.c:1906:6:Error_Handler	4	static,ignoring_inline_asm
